// Jest Snapshot v1, https://goo.gl/fbAQLP

exports[`<InputFieldGroup> call handle change inpu had onCanhe event calledomponent 1`] = `
Array [
  <input
    className=""
    name="person.name"
    onBlur={[MockFunction]}
    onChange={[Function]}
    type="text"
    value="custom name"
  />,
  <input
    className=""
    name="person.email"
    onBlur={[MockFunction]}
    onChange={[Function]}
    type="text"
    value="custom@emil.com"
  />,
]
`;

exports[`<InputFieldGroup> call handle change input had onChange event called 1`] = `
Array [
  <input
    className=""
    name="person.name"
    onBlur={[MockFunction]}
    onChange={[Function]}
    type="text"
    value="custom name"
  />,
  <input
    className=""
    name="person.email"
    onBlur={[MockFunction]}
    onChange={[Function]}
    type="text"
    value="custom@emil.com"
  />,
]
`;
